BL51 BANKED LINKER/LOCATER V6.00                                                        01/19/2013  23:14:35  PAGE 1


BL51 BANKED LINKER/LOCATER V6.00, INVOKED BY:
C:\KEIL\C51\BIN\BL51.EXE main.obj TO Red_communication


MEMORY MODEL: SMALL


INPUT MODULES INCLUDED:
  main.obj (MAIN)
  C:\KEIL\C51\LIB\C51S.LIB (?C_STARTUP)
  C:\KEIL\C51\LIB\C51S.LIB (?C_INIT)


LINK MAP OF MODULE:  Red_communication (MAIN)


            TYPE    BASE      LENGTH    RELOCATION   SEGMENT NAME
            -----------------------------------------------------

            * * * * * * *   D A T A   M E M O R Y   * * * * * * *
            REG     0000H     0008H     ABSOLUTE     "REG BANK 0"
            DATA    0008H     0006H     UNIT         ?DT?MAIN
            DATA    000EH     0002H     UNIT         _DATA_GROUP_
            IDATA   0010H     0001H     UNIT         ?STACK

            * * * * * * *   C O D E   M E M O R Y   * * * * * * *
            CODE    0000H     0003H     ABSOLUTE     
            CODE    0003H     000CH     UNIT         ?PR?TIMER_INIT?MAIN
            CODE    000FH     0004H     UNIT         ?PR?UART_INIT?MAIN
            CODE    0013H     0003H     ABSOLUTE     
            CODE    0016H     00EFH     UNIT         ?PR?INT1_ISR?MAIN
            CODE    0105H     008CH     UNIT         ?C_C51STARTUP
            CODE    0191H     0032H     UNIT         ?PR?MAIN?MAIN
            CODE    01C3H     0020H     UNIT         ?PR?IR_GET_LOW?MAIN
            CODE    01E3H     0020H     UNIT         ?PR?IR_GET_HIGH?MAIN
            CODE    0203H     000BH     UNIT         ?PR?LED_INIT?MAIN
            CODE    020EH     000AH     UNIT         ?CO?MAIN
            CODE    0218H     0008H     UNIT         ?PR?_UART_SEND_BYTE?MAIN
            CODE    0220H     0007H     UNIT         ?PR?INT1_INIT?MAIN
            CODE    0227H     0007H     UNIT         ?C_INITSEG



OVERLAY MAP OF MODULE:   Red_communication (MAIN)


SEGMENT                            DATA_GROUP 
  +--> CALLED SEGMENT            START    LENGTH
------------------------------------------------
?PR?INT1_ISR?MAIN                000EH    0002H
  +--> ?PR?IR_GET_LOW?MAIN
  +--> ?PR?IR_GET_HIGH?MAIN
  +--> ?PR?_UART_SEND_BYTE?MAIN

*** NEW ROOT ***************************************************

?C_C51STARTUP                    -----    -----
  +--> ?PR?MAIN?MAIN
BL51 BANKED LINKER/LOCATER V6.00                                                      01/19/2013  23:14:35  PAGE 2


  +--> ?C_INITSEG

?PR?MAIN?MAIN                    -----    -----
  +--> ?PR?LED_INIT?MAIN
  +--> ?PR?TIMER_INIT?MAIN
  +--> ?PR?UART_INIT?MAIN
  +--> ?PR?INT1_INIT?MAIN



SYMBOL TABLE OF MODULE:  Red_communication (MAIN)

  VALUE           TYPE          NAME
  ----------------------------------

  -------         MODULE        MAIN
  C:0000H         SYMBOL        _ICE_DUMMY_
  D:0080H         PUBLIC        P0
  C:0218H         PUBLIC        _UART_Send_Byte
  D:0090H         PUBLIC        P1
  D:00A0H         PUBLIC        P2
  D:00B0H         PUBLIC        P3
  D:0008H         PUBLIC        DeviceNum
  B:00A8H.7       PUBLIC        EA
  C:020EH         PUBLIC        number
  D:00A8H         PUBLIC        IE
  C:0220H         PUBLIC        int1_init
  D:00B8H         PUBLIC        IP
  C:0003H         PUBLIC        Timer_init
  B:0090H.4       PUBLIC        ENLED1
  B:0098H.0       PUBLIC        RI
  B:0098H.1       PUBLIC        TI
  C:01E3H         PUBLIC        Ir_Get_High
  C:0191H         PUBLIC        main
  C:0016H         PUBLIC        int1_isr
  D:0099H         PUBLIC        SBUF
  D:0098H         PUBLIC        SCON
  D:0089H         PUBLIC        TMOD
  D:0088H         PUBLIC        TCON
  D:0009H         PUBLIC        Receving
  D:000AH         PUBLIC        Ir_Buf
  B:0080H.5       PUBLIC        DB5
  B:0080H.6       PUBLIC        DB6
  B:0080H.7       PUBLIC        DB7
  B:00B0H.3       PUBLIC        Ir_Pin
  B:0090H.0       PUBLIC        ADDR0
  D:008CH         PUBLIC        TH0
  B:0090H.1       PUBLIC        ADDR1
  D:008DH         PUBLIC        TH1
  B:0090H.2       PUBLIC        ADDR2
  B:00A8H.2       PUBLIC        EX1
  B:0088H.2       PUBLIC        IT1
  B:0090H.3       PUBLIC        ADDR3
  D:008AH         PUBLIC        TL0
  C:01C3H         PUBLIC        Ir_Get_Low
  D:008BH         PUBLIC        TL1
  C:000FH         PUBLIC        uart_init
BL51 BANKED LINKER/LOCATER V6.00                                                      01/19/2013  23:14:35  PAGE 3


  B:0088H.4       PUBLIC        TR0
  B:0088H.6       PUBLIC        TR1
  D:00C8H         PUBLIC        T2CON
  C:0203H         PUBLIC        LED_init
  D:00D0H         PUBLIC        PSW
  -------         PROC          INT1_INIT
  C:0220H         LINE#         25
  C:0220H         LINE#         26
  C:0220H         LINE#         27
  C:0222H         LINE#         28
  C:0224H         LINE#         29
  C:0226H         LINE#         30
  -------         ENDPROC       INT1_INIT
  -------         PROC          TIMER_INIT
  C:0003H         LINE#         32
  C:0003H         LINE#         33
  C:0003H         LINE#         34
  C:0006H         LINE#         35
  C:0009H         LINE#         36
  C:000CH         LINE#         38
  C:000EH         LINE#         39
  -------         ENDPROC       TIMER_INIT
  -------         PROC          UART_INIT
  C:000FH         LINE#         46
  C:000FH         LINE#         47
  C:000FH         LINE#         48
  C:0012H         LINE#         49
  -------         ENDPROC       UART_INIT
  -------         PROC          _UART_SEND_BYTE
  D:0007H         SYMBOL        dat
  C:0218H         LINE#         54
  C:0218H         LINE#         55
  C:0218H         LINE#         56
  C:021AH         LINE#         57
  C:021DH         LINE#         58
  C:021FH         LINE#         59
  -------         ENDPROC       _UART_SEND_BYTE
  -------         PROC          LED_INIT
  C:0203H         LINE#         64
  C:0203H         LINE#         65
  C:0203H         LINE#         66
  C:0205H         LINE#         67
  C:0207H         LINE#         68
  C:0209H         LINE#         69
  C:020BH         LINE#         70
  C:020DH         LINE#         71
  -------         ENDPROC       LED_INIT
  -------         PROC          IR_GET_LOW
  C:01C3H         LINE#         77
  C:01C3H         LINE#         78
  C:01C3H         LINE#         79
  C:01C6H         LINE#         80
  C:01C8H         LINE#         81
  C:01CAH         LINE#         82
  C:01D2H         LINE#         84
  C:01D4H         LINE#         85
  C:01E2H         LINE#         86
BL51 BANKED LINKER/LOCATER V6.00                                                      01/19/2013  23:14:35  PAGE 4


  -------         ENDPROC       IR_GET_LOW
  -------         PROC          IR_GET_HIGH
  C:01E3H         LINE#         91
  C:01E3H         LINE#         92
  C:01E3H         LINE#         93
  C:01E6H         LINE#         94
  C:01E8H         LINE#         95
  C:01EAH         LINE#         96
  C:01F2H         LINE#         98
  C:01F4H         LINE#         99
  C:0202H         LINE#         100
  -------         ENDPROC       IR_GET_HIGH
  -------         PROC          MAIN
  C:0191H         LINE#         103
  C:0191H         LINE#         104
  C:0191H         LINE#         105
  C:0194H         LINE#         106
  C:0197H         LINE#         107
  C:019AH         LINE#         108
  C:019DH         LINE#         110
  C:019DH         LINE#         111
  C:019DH         LINE#         112
  C:01A0H         LINE#         113
  C:01A0H         LINE#         114
  C:01A3H         LINE#         115
  C:01B2H         LINE#         116
  C:01B2H         LINE#         117
  C:01B7H         LINE#         118
  C:01BCH         LINE#         119
  C:01C1H         LINE#         120
  C:01C1H         LINE#         121
  C:01C1H         LINE#         122
  -------         ENDPROC       MAIN
  -------         PROC          INT1_ISR
  -------         DO            
  D:0006H         SYMBOL        temp
  D:000EH         SYMBOL        i
  D:000FH         SYMBOL        j
  -------         ENDDO         
  C:0016H         LINE#         125
  C:0027H         LINE#         130
  C:002AH         LINE#         131
  C:0042H         LINE#         133
  C:0045H         LINE#         134
  C:005DH         LINE#         137
  C:0060H         LINE#         138
  C:0060H         LINE#         139
  C:0063H         LINE#         140
  C:0063H         LINE#         141
  C:0066H         LINE#         142
  C:007BH         LINE#         145
  C:007EH         LINE#         146
  C:0090H         LINE#         149
  C:009EH         LINE#         150
  C:00A7H         LINE#         151
  C:00B0H         LINE#         152
  C:00BBH         LINE#         153
BL51 BANKED LINKER/LOCATER V6.00                                                      01/19/2013  23:14:35  PAGE 5


  C:00C6H         LINE#         155
  C:00D4H         LINE#         156
  C:00D4H         LINE#         157
  C:00DEH         LINE#         158
  C:00E8H         LINE#         159
  C:00F6H         LINE#         160
  C:00F6H         LINE#         161
  -------         ENDPROC       INT1_ISR
  -------         ENDMOD        MAIN

*** WARNING L16: UNCALLED SEGMENT, IGNORED FOR OVERLAY PROCESS
    SEGMENT: ?CO?MAIN

Program Size: data=17.0 xdata=0 code=558
LINK/LOCATE RUN COMPLETE.  1 WARNING(S),  0 ERROR(S)
