BL51 BANKED LINKER/LOCATER V6.00                                                        01/26/2014  10:49:33  PAGE 1


BL51 BANKED LINKER/LOCATER V6.00, INVOKED BY:
C:\KEIL\C51\BIN\BL51.EXE main.obj TO Red_communication


MEMORY MODEL: SMALL


INPUT MODULES INCLUDED:
  main.obj (MAIN)
  C:\KEIL\C51\LIB\C51S.LIB (?C_STARTUP)
  C:\KEIL\C51\LIB\C51S.LIB (?C?CLDPTR)
  C:\KEIL\C51\LIB\C51S.LIB (?C_INIT)


LINK MAP OF MODULE:  Red_communication (MAIN)


            TYPE    BASE      LENGTH    RELOCATION   SEGMENT NAME
            -----------------------------------------------------

            * * * * * * *   D A T A   M E M O R Y   * * * * * * *
            REG     0000H     0008H     ABSOLUTE     "REG BANK 0"
            DATA    0008H     000DH     UNIT         ?DT?MAIN
            DATA    0015H     0008H     UNIT         _DATA_GROUP_
            IDATA   001DH     0001H     UNIT         ?STACK

            * * * * * * *   C O D E   M E M O R Y   * * * * * * *
            CODE    0000H     0003H     ABSOLUTE     
            CODE    0003H     0010H     UNIT         ?PR?_W_DAT?MAIN
            CODE    0013H     0003H     ABSOLUTE     
            CODE    0016H     01ACH     UNIT         ?PR?INT1_ISR?MAIN
            CODE    01C2H     00FBH     UNIT         ?PR?MAIN?MAIN
            CODE    02BDH     008CH     UNIT         ?C_C51STARTUP
            CODE    0349H     007BH     UNIT         ?CO?MAIN
            CODE    03C4H     0030H     UNIT         ?PR?_W_STRING?MAIN
            CODE    03F4H     0020H     UNIT         ?PR?IR_GET_LOW?MAIN
            CODE    0414H     0020H     UNIT         ?PR?IR_GET_HIGH?MAIN
            CODE    0434H     0019H     UNIT         ?C?LIB_CODE
            CODE    044DH     0014H     UNIT         ?PR?INIT_LCD1602?MAIN
            CODE    0461H     0014H     UNIT         ?C_INITSEG
            CODE    0475H     0011H     UNIT         ?PR?WAIT?MAIN
            CODE    0486H     0010H     UNIT         ?PR?_W_CMD?MAIN
            CODE    0496H     000CH     UNIT         ?PR?TIMER_INIT?MAIN
            CODE    04A2H     0008H     UNIT         ?PR?_UART_SEND_BYTE?MAIN
            CODE    04AAH     0007H     UNIT         ?PR?INT1_INIT?MAIN
            CODE    04B1H     0004H     UNIT         ?PR?UART_INIT?MAIN



OVERLAY MAP OF MODULE:   Red_communication (MAIN)


SEGMENT                            DATA_GROUP 
  +--> CALLED SEGMENT            START    LENGTH
------------------------------------------------
?PR?INT1_ISR?MAIN                0015H    0002H
  +--> ?PR?IR_GET_LOW?MAIN
  +--> ?PR?IR_GET_HIGH?MAIN
BL51 BANKED LINKER/LOCATER V6.00                                                      01/26/2014  10:49:33  PAGE 2


  +--> ?PR?_W_STRING?MAIN
  +--> ?CO?MAIN
  +--> ?PR?_UART_SEND_BYTE?MAIN

?PR?_W_STRING?MAIN               001AH    0003H
  +--> ?CO?MAIN
  +--> ?PR?_W_CMD?MAIN
  +--> ?PR?_W_DAT?MAIN

?PR?_W_CMD?MAIN                  -----    -----
  +--> ?PR?WAIT?MAIN

?PR?_W_DAT?MAIN                  -----    -----
  +--> ?PR?WAIT?MAIN

*** NEW ROOT ***************************************************

?C_C51STARTUP                    -----    -----
  +--> ?PR?MAIN?MAIN
  +--> ?C_INITSEG

?PR?MAIN?MAIN                    -----    -----
  +--> ?PR?INIT_LCD1602?MAIN
  +--> ?PR?_W_STRING?MAIN
  +--> ?PR?TIMER_INIT?MAIN
  +--> ?PR?UART_INIT?MAIN
  +--> ?PR?INT1_INIT?MAIN
  +--> ?CO?MAIN

?PR?INIT_LCD1602?MAIN            -----    -----
  +--> ?PR?_W_CMD?MAIN



SYMBOL TABLE OF MODULE:  Red_communication (MAIN)

  VALUE           TYPE          NAME
  ----------------------------------

  -------         MODULE        MAIN
  C:0000H         SYMBOL        _ICE_DUMMY_
  D:0080H         PUBLIC        P0
  C:04A2H         PUBLIC        _UART_Send_Byte
  D:0090H         PUBLIC        P1
  D:00A0H         PUBLIC        P2
  D:0008H         PUBLIC        device_info
  D:00B0H         PUBLIC        P3
  D:000BH         PUBLIC        DeviceNum
  B:00A8H.7       PUBLIC        EA
  D:00A8H         PUBLIC        IE
  B:0090H.5       PUBLIC        EN
  C:04AAH         PUBLIC        int1_init
  C:044DH         PUBLIC        Init_LCD1602
  D:00B8H         PUBLIC        IP
  C:0496H         PUBLIC        Timer_init
  B:0098H.0       PUBLIC        RI
  B:0098H.1       PUBLIC        TI
BL51 BANKED LINKER/LOCATER V6.00                                                      01/26/2014  10:49:33  PAGE 3


  C:0414H         PUBLIC        Ir_Get_High
  B:0090H.0       PUBLIC        RS
  C:01C2H         PUBLIC        main
  B:0090H.1       PUBLIC        RW
  C:0016H         PUBLIC        int1_isr
  D:0099H         PUBLIC        SBUF
  D:0098H         PUBLIC        SCON
  D:0089H         PUBLIC        TMOD
  D:0088H         PUBLIC        TCON
  C:0475H         PUBLIC        wait
  D:000CH         PUBLIC        close_word
  D:000EH         PUBLIC        Receving
  D:000FH         PUBLIC        Ir_Buf
  B:00B0H.3       PUBLIC        Ir_Pin
  B:0080H.7       PUBLIC        BUSY
  D:008CH         PUBLIC        TH0
  D:008DH         PUBLIC        TH1
  B:00A8H.2       PUBLIC        EX1
  B:0088H.2       PUBLIC        IT1
  D:008AH         PUBLIC        TL0
  C:03F4H         PUBLIC        Ir_Get_Low
  D:008BH         PUBLIC        TL1
  C:03CCH         PUBLIC        _w_string
  D:0013H         PUBLIC        open_word
  C:04B1H         PUBLIC        uart_init
  B:0088H.4       PUBLIC        TR0
  B:0088H.6       PUBLIC        TR1
  D:00C8H         PUBLIC        T2CON
  C:0486H         PUBLIC        _w_cmd
  C:0349H         PUBLIC        word1
  C:0357H         PUBLIC        word2
  C:0003H         PUBLIC        _w_dat
  C:0366H         PUBLIC        word3
  C:0374H         PUBLIC        word4
  C:0383H         PUBLIC        word5
  C:0393H         PUBLIC        word6
  C:03A4H         PUBLIC        word7
  C:03B5H         PUBLIC        word8
  D:00D0H         PUBLIC        PSW
  -------         PROC          WAIT
  C:0475H         LINE#         38
  C:0475H         LINE#         39
  C:0475H         LINE#         40
  C:0478H         LINE#         43
  C:0478H         LINE#         44
  C:047AH         LINE#         45
  C:047CH         LINE#         46
  C:047EH         LINE#         47
  C:0480H         LINE#         48
  C:0483H         LINE#         49
  C:0485H         LINE#         50
  -------         ENDPROC       WAIT
  -------         PROC          _W_DAT
  D:0007H         SYMBOL        dat
  C:0003H         LINE#         55
  C:0003H         LINE#         56
  C:0003H         LINE#         57
BL51 BANKED LINKER/LOCATER V6.00                                                      01/26/2014  10:49:33  PAGE 4


  C:0006H         LINE#         58
  C:0008H         LINE#         59
  C:000AH         LINE#         60
  C:000CH         LINE#         61
  C:000EH         LINE#         62
  C:0010H         LINE#         63
  C:0012H         LINE#         64
  -------         ENDPROC       _W_DAT
  -------         PROC          _W_CMD
  D:0007H         SYMBOL        cmd
  C:0486H         LINE#         69
  C:0486H         LINE#         70
  C:0486H         LINE#         71
  C:0489H         LINE#         72
  C:048BH         LINE#         73
  C:048DH         LINE#         74
  C:048FH         LINE#         75
  C:0491H         LINE#         76
  C:0493H         LINE#         77
  C:0495H         LINE#         78
  -------         ENDPROC       _W_CMD
  C:03C4H         SYMBOL        L?0078
  C:03C8H         SYMBOL        L?0079
  -------         PROC          L?0077
  -------         ENDPROC       L?0077
  C:03C4H         SYMBOL        L?0078
  C:03C8H         SYMBOL        L?0079
  -------         PROC          _W_STRING
  D:0007H         SYMBOL        addr_start
  D:0001H         SYMBOL        p
  -------         DO            
  D:001AH         SYMBOL        pp
  -------         ENDDO         
  C:03CCH         LINE#         83
  C:03CCH         LINE#         84
  C:03CCH         LINE#         87
  C:03D2H         LINE#         88
  C:03D5H         LINE#         89
  C:03E0H         LINE#         90
  C:03E0H         LINE#         91
  C:03F1H         LINE#         92
  C:03F3H         LINE#         93
  -------         ENDPROC       _W_STRING
  -------         PROC          INIT_LCD1602
  C:044DH         LINE#         99
  C:044DH         LINE#         100
  C:044DH         LINE#         101
  C:0452H         LINE#         102
  C:0457H         LINE#         103
  C:045CH         LINE#         104
  -------         ENDPROC       INIT_LCD1602
  -------         PROC          INT1_INIT
  C:04AAH         LINE#         111
  C:04AAH         LINE#         112
  C:04AAH         LINE#         113
  C:04ACH         LINE#         114
  C:04AEH         LINE#         115
BL51 BANKED LINKER/LOCATER V6.00                                                      01/26/2014  10:49:33  PAGE 5


  C:04B0H         LINE#         116
  -------         ENDPROC       INT1_INIT
  -------         PROC          TIMER_INIT
  C:0496H         LINE#         118
  C:0496H         LINE#         119
  C:0496H         LINE#         120
  C:0499H         LINE#         121
  C:049CH         LINE#         122
  C:049FH         LINE#         124
  C:04A1H         LINE#         125
  -------         ENDPROC       TIMER_INIT
  -------         PROC          UART_INIT
  C:04B1H         LINE#         132
  C:04B1H         LINE#         133
  C:04B1H         LINE#         134
  C:04B4H         LINE#         135
  -------         ENDPROC       UART_INIT
  -------         PROC          _UART_SEND_BYTE
  D:0007H         SYMBOL        dat
  C:04A2H         LINE#         140
  C:04A2H         LINE#         141
  C:04A2H         LINE#         142
  C:04A4H         LINE#         143
  C:04A7H         LINE#         144
  C:04A9H         LINE#         145
  -------         ENDPROC       _UART_SEND_BYTE
  -------         PROC          IR_GET_LOW
  C:03F4H         LINE#         166
  C:03F4H         LINE#         167
  C:03F4H         LINE#         168
  C:03F7H         LINE#         169
  C:03F9H         LINE#         170
  C:03FBH         LINE#         171
  C:0403H         LINE#         173
  C:0405H         LINE#         174
  C:0413H         LINE#         175
  -------         ENDPROC       IR_GET_LOW
  -------         PROC          IR_GET_HIGH
  C:0414H         LINE#         180
  C:0414H         LINE#         181
  C:0414H         LINE#         182
  C:0417H         LINE#         183
  C:0419H         LINE#         184
  C:041BH         LINE#         185
  C:0423H         LINE#         187
  C:0425H         LINE#         188
  C:0433H         LINE#         189
  -------         ENDPROC       IR_GET_HIGH
  -------         PROC          MAIN
  C:01C2H         LINE#         192
  C:01C2H         LINE#         193
  C:01C2H         LINE#         194
  C:01C5H         LINE#         196
  C:01D0H         LINE#         197
  C:01DBH         LINE#         198
  C:01E6H         LINE#         199
  C:01E9H         LINE#         200
BL51 BANKED LINKER/LOCATER V6.00                                                      01/26/2014  10:49:33  PAGE 6


  C:01ECH         LINE#         201
  C:01EFH         LINE#         203
  C:01EFH         LINE#         204
  C:01EFH         LINE#         210
  C:01F2H         LINE#         211
  C:01F2H         LINE#         212
  C:01F5H         LINE#         213
  C:0207H         LINE#         214
  C:0207H         LINE#         215
  C:0207H         LINE#         216
  C:0210H         LINE#         217
  C:0213H         LINE#         218
  C:0219H         LINE#         219
  C:0222H         LINE#         220
  C:0228H         LINE#         221
  C:022AH         LINE#         222
  C:0233H         LINE#         223
  C:023BH         LINE#         224
  C:023BH         LINE#         225
  C:023EH         LINE#         226
  C:023EH         LINE#         227
  C:0247H         LINE#         228
  C:024AH         LINE#         229
  C:0250H         LINE#         230
  C:0259H         LINE#         231
  C:025FH         LINE#         232
  C:0261H         LINE#         233
  C:026AH         LINE#         234
  C:0272H         LINE#         235
  C:0272H         LINE#         236
  C:0274H         LINE#         237
  C:0274H         LINE#         238
  C:027DH         LINE#         239
  C:0280H         LINE#         240
  C:0286H         LINE#         241
  C:028FH         LINE#         242
  C:0295H         LINE#         243
  C:0297H         LINE#         244
  C:02A0H         LINE#         245
  C:02A8H         LINE#         246
  C:02A8H         LINE#         247
  C:02AAH         LINE#         248
  C:02AAH         LINE#         249
  C:02ADH         LINE#         250
  C:02B8H         LINE#         251
  C:02B8H         LINE#         252
  C:02BAH         LINE#         253
  C:02BAH         LINE#         254
  -------         ENDPROC       MAIN
  -------         PROC          INT1_ISR
  -------         DO            
  D:0006H         SYMBOL        temp
  D:0015H         SYMBOL        i
  D:0016H         SYMBOL        j
  -------         ENDDO         
  C:0016H         LINE#         257
  C:0031H         LINE#         262
BL51 BANKED LINKER/LOCATER V6.00                                                      01/26/2014  10:49:33  PAGE 7


  C:0034H         LINE#         263
  C:004CH         LINE#         265
  C:004FH         LINE#         266
  C:0067H         LINE#         269
  C:006AH         LINE#         270
  C:006AH         LINE#         271
  C:006DH         LINE#         272
  C:006DH         LINE#         273
  C:0070H         LINE#         274
  C:0088H         LINE#         277
  C:008BH         LINE#         278
  C:00A3H         LINE#         281
  C:00B1H         LINE#         282
  C:00BAH         LINE#         283
  C:00C3H         LINE#         284
  C:00CEH         LINE#         285
  C:00D9H         LINE#         287
  C:00EAH         LINE#         288
  C:00EAH         LINE#         289
  C:00EAH         LINE#         290
  C:00EDH         LINE#         291
  C:00F3H         LINE#         292
  C:00FCH         LINE#         293
  C:0102H         LINE#         294
  C:0104H         LINE#         295
  C:010DH         LINE#         296
  C:0118H         LINE#         297
  C:0118H         LINE#         298
  C:0125H         LINE#         299
  C:0125H         LINE#         300
  C:0128H         LINE#         301
  C:012EH         LINE#         302
  C:0137H         LINE#         303
  C:013DH         LINE#         304
  C:013FH         LINE#         305
  C:0148H         LINE#         306
  C:0153H         LINE#         307
  C:0153H         LINE#         308
  C:015FH         LINE#         309
  C:015FH         LINE#         310
  C:0162H         LINE#         311
  C:0168H         LINE#         312
  C:0171H         LINE#         313
  C:0177H         LINE#         314
  C:0179H         LINE#         315
  C:0182H         LINE#         316
  C:018DH         LINE#         317
  C:018DH         LINE#         318
  C:019FH         LINE#         319
  C:019FH         LINE#         320
  C:01A2H         LINE#         321
  C:01A9H         LINE#         322
  C:01A9H         LINE#         323
  -------         ENDPROC       INT1_ISR
  -------         ENDMOD        MAIN

  -------         MODULE        ?C?CLDPTR
BL51 BANKED LINKER/LOCATER V6.00                                                      01/26/2014  10:49:33  PAGE 8


  C:0434H         PUBLIC        ?C?CLDPTR
  -------         ENDMOD        ?C?CLDPTR

*** WARNING L15: MULTIPLE CALL TO SEGMENT
    SEGMENT: ?PR?_W_STRING?MAIN
    CALLER1: ?PR?INT1_ISR?MAIN
    CALLER2: ?C_C51STARTUP

Program Size: data=30.0 xdata=0 code=1205
LINK/LOCATE RUN COMPLETE.  1 WARNING(S),  0 ERROR(S)
